01_pypi_github candidate playback PASS
02_conda_install candidate playback PASS
03_pip_install candidate playback PASS
04_platform_installers candidate playback PASS
05_home candidate playback PASS
06_api candidate playback PASS
07_mask candidate playback PASS
08_measure candidate playback PASS
09_annotate candidate playback PASS
10_classify_cv candidate playback PASS
11_classify_ml candidate playback PASS
12_map_barcodes candidate playback PASS
13_regression candidate playback PASS
14_make_masks candidate playback PASS
15_image_umap candidate playback PASS
16_activation candidate playback PASS
17_timelapse candidate playback PASS
18_motility candidate playback PASS
19_train_cellpose candidate playback PASS
20_cellpose_masks candidate playback PASS
21_model_compare candidate playback PASS
22_model_zoo candidate playback PASS
23_agreement candidate playback PASS
24_plaque candidate playback PASS
25_recruitment candidate playback PASS
26_invasion candidate playback PASS
27_replication candidate playback PASS
28_training_runs candidate playback PASS
29_report candidate playback PASS
30_plate_queue candidate playback PASS
31_external_masks candidate playback PASS
32_align_stitch candidate playback PASS
33_plate_viewer candidate playback PASS
34_database candidate playback PASS
35_converter candidate playback PASS
36_import candidate playback PASS
37_batch candidate playback PASS
38_distributed_jobs candidate playback PASS
39_classifier_evaluation candidate playback PASS
40_run_history candidate playback PASS
41_classify candidate playback PASS
42_curate candidate playback PASS
43_illumination candidate playback PASS
44_data_manager candidate playback PASS
45_project_browser candidate playback PASS
46_napari_bridge candidate playback PASS
47_barcode_qc candidate playback PASS
48_hit_list candidate playback PASS
49_methods_results candidate playback PASS
50_run_compare candidate playback PASS
51_control_charts candidate playback PASS
52_pipeline_graph candidate playback PASS
53_prediction_profiler candidate playback PASS
54_qc_dashboard candidate playback PASS
55_image_scatter candidate playback PASS
56_lineage candidate playback PASS
57_layer_viewer candidate playback PASS
58_graph_builder candidate playback PASS
59_anndata_export candidate playback PASS
60_pca candidate playback PASS
61_tabulate candidate playback PASS
62_feature_dictionary candidate playback PASS
63_small_multiples candidate playback PASS
64_gate_editor candidate playback PASS
65_feature_explorer candidate playback PASS
66_outliers candidate playback PASS
67_experiment_design candidate playback PASS
68_power_design candidate playback PASS
69_dose_response candidate playback PASS
70_explain_cv candidate playback PASS
71_investigate_hit candidate playback PASS
72_volcano_explorer candidate playback PASS
73_parameter_sweep candidate playback PASS
74_import_images candidate playback PASS
75_regression_diagnostics candidate playback PASS
77_embeddings candidate playback PASS
76_ops candidate playback PASS
78_spacr_screens candidate playback PASS
79_module_inputs_outputs candidate playback PASS
80_image_analysis_pathways candidate playback PASS
81_sequencing_pathways candidate playback PASS
82_toxoplasma candidate playback PASS
85_host_pathogen candidate playback PASS
86_alpha_organism_modules candidate playback PASS
87_alpha_features candidate playback PASS
