...........................................F............................ [ 67%]
..................................                                       [100%]
=================================== FAILURES ===================================
__________ test_real_snakemake_does_not_touch_done_after_partial_run ___________

private_runs = PosixPath('/tmp/pytest-of-carruthers/pytest-255/test_real_snakemake_does_not_t0/runs')
tmp_path = PosixPath('/tmp/pytest-of-carruthers/pytest-255/test_real_snakemake_does_not_t0')

    def test_real_snakemake_does_not_touch_done_after_partial_run(private_runs, tmp_path):
        engine = os.environ.get("SPACR_TEST_SNAKEMAKE")
        if not engine:
            pytest.skip("Set SPACR_TEST_SNAKEMAKE to an isolated Snakemake executable")
        with run_journal.open_run("measure", {"src": str(tmp_path / "plate")}) as run:
            pass
        # A deterministic failing item exercises the real CLI/journal exit path;
        # the actual generated rule and Snakemake executor remain unmodified.
        entry = tmp_path / "partial_entry.py"
        entry.write_text(
            "import sys\nfrom pathlib import Path\n"
            "from spacr import cli, run_journal\n"
            "from spacr.errors import RunLedger\n"
            f"root = Path({str(tmp_path)!r})\n"
            "runs = root / 'child-runs'; runs.mkdir()\n"
            "run_journal.runs_root = lambda: runs\n"
            "run_journal._notify_run_finished = lambda run: None\n"
            "def pipeline(settings):\n"
            "    (root / 'partial.csv').write_text('measured,42\\n')\n"
            "    ledger = RunLedger('measure')\n"
            "    ledger.record_success('good')\n"
            "    ledger.record_failure('bad', exc='unreadable field')\n"
            "    ledger.finalize()\n"
            "cli.resolve_settings = lambda *args: {}\n"
            "cli.import_entry = lambda module: pipeline\n"
            "raise SystemExit(cli.main(sys.argv[1:] + ['--no-preflight']))\n"
        )
        workflow = tmp_path / "workflow"
        snakefile = cli_repro._export_workflow(
            run.dir, workflow, "snakemake",
            spacr_run=f"{shlex.quote(sys.executable)} {shlex.quote(str(entry))}",
        )
        result = subprocess.run(
            [engine, "--cores", "1", "--snakefile", str(snakefile),
             "--directory", str(workflow)],
            text=True, capture_output=True, timeout=90,
            env={**os.environ, "PYTHONPATH": str(Path(__file__).resolve().parents[2])},
        )
        (tmp_path / "snakemake.log").write_text(result.stdout + result.stderr)
        assert result.returncode != 0, result.stdout + result.stderr
>       assert "PartialRunError" in result.stderr
E       AssertionError: assert 'PartialRunError' in 'Assuming unrestricted shared filesystem usage.\n\nSNAKEMAKE\n=========\n  Date: 2026-10-01 21:56:27\n  Workflow ID: 6....364436.snakemake.log\nElapsed time: 0:00:01.741011\nWorkflowError:\nAt least one job did not complete successfully.\n'
E        +  where 'Assuming unrestricted shared filesystem usage.\n\nSNAKEMAKE\n=========\n  Date: 2026-10-01 21:56:27\n  Workflow ID: 6....364436.snakemake.log\nElapsed time: 0:00:01.741011\nWorkflowError:\nAt least one job did not complete successfully.\n' = CompletedProcess(args=['/tmp/spacr-implementation-20261001/f575-acceptance/engine-env/bin/snakemake', '--cores', '1', ...364436.snakemake.log\nElapsed time: 0:00:01.741011\nWorkflowError:\nAt least one job did not complete successfully.\n').stderr

tests/qt/test_incomplete_run_status_f575.py:130: AssertionError
=========================== short test summary info ============================
FAILED tests/qt/test_incomplete_run_status_f575.py::test_real_snakemake_does_not_touch_done_after_partial_run
1 failed, 105 passed in 377.44s (0:06:17)
