HEARTBEAT 30.0 sv reviewed repair
sv: API blocks reused=0 historical_reused=0 generated=0 unresolved=0 review_recovered=1 cache_recovered=0 decoded=0 relaid_symbols=1 history_from_head=0 history_unproven=0
HEARTBEAT 60.0 sv normal write
sv PASS +1; all12035old records unchanged
HEARTBEAT 90.0 de reviewed repair
de: API blocks reused=0 historical_reused=0 generated=0 unresolved=0 review_recovered=1 cache_recovered=0 decoded=0 relaid_symbols=1 history_from_head=0 history_unproven=0
de PASS +1; all12035old records unchanged
es: API blocks reused=0 historical_reused=0 generated=0 unresolved=0 review_recovered=1 cache_recovered=0 decoded=0 relaid_symbols=1 history_from_head=0 history_unproven=0
es PASS +1; all12035old records unchanged
HEARTBEAT 120.1 zh_CN reviewed repair
HEARTBEAT 150.1 zh_CN reviewed repair
zh_CN: API blocks reused=0 historical_reused=0 generated=0 unresolved=0 review_recovered=1 cache_recovered=0 decoded=0 relaid_symbols=1 history_from_head=0 history_unproven=0
HEARTBEAT 180.1 zh_CN normal write
HEARTBEAT 210.1 zh_CN normal write
zh_CN PASS +1; all12035old records unchanged
HEARTBEAT 240.1 pt reviewed repair
pt: API blocks reused=0 historical_reused=0 generated=0 unresolved=0 review_recovered=1 cache_recovered=0 decoded=0 relaid_symbols=1 history_from_head=0 history_unproven=0
pt PASS +1; all12035old records unchanged
HEARTBEAT 270.1 hi reviewed repair
hi: API blocks reused=0 historical_reused=0 generated=0 unresolved=0 review_recovered=1 cache_recovered=0 decoded=0 relaid_symbols=1 history_from_head=0 history_unproven=0
hi PASS +1; all12035old records unchanged
ko: API blocks reused=0 historical_reused=0 generated=0 unresolved=0 review_recovered=1 cache_recovered=0 decoded=0 relaid_symbols=1 history_from_head=0 history_unproven=0
HEARTBEAT 300.1 ko normal write
ko PASS +1; all12035old records unchanged
is: API blocks reused=0 historical_reused=0 generated=0 unresolved=0 review_recovered=1 cache_recovered=0 decoded=0 relaid_symbols=1 history_from_head=0 history_unproven=0
is PASS +1; all12035old records unchanged
HEARTBEAT 330.1 fr reviewed repair
fr: API blocks reused=0 historical_reused=0 generated=0 unresolved=0 review_recovered=1 cache_recovered=0 decoded=0 relaid_symbols=1 history_from_head=0 history_unproven=0
fr PASS +1; all12035old records unchanged
HEARTBEAT 360.1 full nine-locale strict API/readme audit
HEARTBEAT 390.1 full nine-locale strict API/readme audit
HEARTBEAT 420.1 full nine-locale strict API/readme audit
HEARTBEAT 450.1 full nine-locale strict API/readme audit
HEARTBEAT 480.1 full nine-locale strict API/readme audit
HEARTBEAT 510.1 full nine-locale strict API/readme audit
HEARTBEAT 540.1 full nine-locale strict API/readme audit
HEARTBEAT 570.2 full nine-locale strict API/readme audit
HEARTBEAT 600.2 full nine-locale strict API/readme audit
HEARTBEAT 630.2 full nine-locale strict API/readme audit
HEARTBEAT 660.2 full nine-locale strict API/readme audit
HEARTBEAT 690.2 full nine-locale strict API/readme audit
HEARTBEAT 720.2 full nine-locale strict API/readme audit
HEARTBEAT 750.2 full nine-locale strict API/readme audit
HEARTBEAT 780.2 full nine-locale strict API/readme audit
HEARTBEAT 810.2 full nine-locale strict API/readme audit
HEARTBEAT 840.2 full nine-locale strict API/readme audit
HEARTBEAT 870.2 full nine-locale strict API/readme audit
HEARTBEAT 900.2 full nine-locale strict API/readme audit
HEARTBEAT 930.2 full nine-locale strict API/readme audit
HEARTBEAT 960.2 full nine-locale strict API/readme audit
HEARTBEAT 990.2 full nine-locale strict API/readme audit
HEARTBEAT 1020.3 full nine-locale strict API/readme audit
HEARTBEAT 1050.3 full nine-locale strict API/readme audit
HEARTBEAT 1080.3 full nine-locale strict API/readme audit
HEARTBEAT 1110.3 full nine-locale strict API/readme audit
HEARTBEAT 1140.3 full nine-locale strict API/readme audit
HEARTBEAT 1170.3 full nine-locale strict API/readme audit
HEARTBEAT 1200.3 full nine-locale strict API/readme audit
HEARTBEAT 1230.3 full nine-locale strict API/readme audit
HEARTBEAT 1260.3 full nine-locale strict API/readme audit
HEARTBEAT 1290.3 full nine-locale strict API/readme audit
HEARTBEAT 1320.3 full nine-locale strict API/readme audit
HEARTBEAT 1350.3 full nine-locale strict API/readme audit
HEARTBEAT 1380.3 full nine-locale strict API/readme audit
HEARTBEAT 1410.3 full nine-locale strict API/readme audit
HEARTBEAT 1440.3 full nine-locale strict API/readme audit
HEARTBEAT 1470.3 full nine-locale strict API/readme audit
HEARTBEAT 1500.3 full nine-locale strict API/readme audit
HEARTBEAT 1530.3 full nine-locale strict API/readme audit
HEARTBEAT 1560.3 full nine-locale strict API/readme audit
HEARTBEAT 1590.3 full nine-locale strict API/readme audit
HEARTBEAT 1620.4 full nine-locale strict API/readme audit
HEARTBEAT 1650.4 full nine-locale strict API/readme audit
HEARTBEAT 1680.4 full nine-locale strict API/readme audit
verified API catalogs: languages=9 symbols=12036
