{
  "cell_count_proxy_plate": {
    "n": 1536,
    "sample_wells": 1280,
    "finite_mask_equal": true,
    "max_absolute_difference": 8.881784197001252e-15,
    "spearman_all": 0.9999838097972571,
    "sample_spearman_abs": 0.9999638420407877,
    "calls_actual": 213,
    "calls_reference": 213,
    "call_disagreements": 0,
    "all_scores_equal_1e_10": true,
    "sample_spearman_abs_numeric_ties_1e_10": 0.9999999999999999,
    "distinct_reference_rank_inversions_over_1e_10": 0
  },
  "cell_count_proxy_pooled": {
    "n": 1536,
    "sample_wells": 1280,
    "finite_mask_equal": true,
    "max_absolute_difference": 5.773159728050814e-15,
    "spearman_all": 0.999987241989957,
    "sample_spearman_abs": 0.9999731229820779,
    "calls_actual": 218,
    "calls_reference": 218,
    "call_disagreements": 0,
    "all_scores_equal_1e_10": true,
    "sample_spearman_abs_numeric_ties_1e_10": 0.9999999999999999,
    "distinct_reference_rank_inversions_over_1e_10": 0
  },
  "nuclear_area_plate": {
    "n": 1536,
    "sample_wells": 1280,
    "finite_mask_equal": true,
    "max_absolute_difference": 1.4921397450962104e-13,
    "spearman_all": 0.9999966157548321,
    "sample_spearman_abs": 0.9999941448397107,
    "calls_actual": 252,
    "calls_reference": 252,
    "call_disagreements": 0,
    "all_scores_equal_1e_10": true,
    "sample_spearman_abs_numeric_ties_1e_10": 1.0,
    "distinct_reference_rank_inversions_over_1e_10": 0
  },
  "nuclear_area_pooled": {
    "n": 1536,
    "sample_wells": 1280,
    "finite_mask_equal": true,
    "max_absolute_difference": 5.3290705182007514e-14,
    "spearman_all": 0.9999951860578027,
    "sample_spearman_abs": 0.999982530260566,
    "calls_actual": 255,
    "calls_reference": 255,
    "call_disagreements": 0,
    "all_scores_equal_1e_10": true,
    "sample_spearman_abs_numeric_ties_1e_10": 1.0,
    "distinct_reference_rank_inversions_over_1e_10": 0
  }
}
