Picked up JAVA_TOOL_OPTIONS: -Xmx2g -XX:ActiveProcessorCount=2 -Dprism.order=sw -Djava.awt.headless=false -Duser.home=/mnt/wd4tb/scratch/spacr-completion/545-native-interop-preparation/qupath/home -Djava.io.tmpdir=/mnt/wd4tb/scratch/spacr-completion/545-native-interop-preparation/qupath/tmp -Djava.util.prefs.userRoot=/mnt/wd4tb/scratch/spacr-completion/545-native-interop-preparation/qupath/prefs
WARNING: Unknown module: javafx.graphics specified to --add-opens
WARNING: Unknown module: javafx.base specified to --add-opens
WARNING: Unknown module: javafx.web specified to --enable-native-access
WARNING: Unknown module: javafx.graphics specified to --enable-native-access
WARNING: Unknown module: javafx.media specified to --enable-native-access
10:18:43.422 [main] [INFO ] qupath.QuPath - Setting system property qupath.startup.script=/mnt/wd4tb/scratch/spacr-completion/545-native-interop-preparation/qupath/interop.groovy
Sep 28, 2026 10:18:43 AM com.sun.javafx.application.PlatformImpl startup
WARNING: Unsupported JavaFX configuration: classes were loaded from 'unnamed module @7bedc48a'
10:18:44.265 [JavaFX Application Thread] [INFO ] qupath.lib.gui.prefs.PathPrefs - Setting default Locale to en_US
10:18:44.266 [JavaFX Application Thread] [INFO ] qupath.lib.gui.prefs.PathPrefs - Setting Locale for FORMAT to en_US
10:18:44.266 [JavaFX Application Thread] [INFO ] qupath.lib.gui.prefs.PathPrefs - Setting Locale for DISPLAY to en_US
10:18:44.296 [JavaFX Application Thread] [INFO ] qupath.lib.common.ThreadTools - Setting parallelism to 1
10:18:44.331 [JavaFX Application Thread] [INFO ] qupath.lib.gui.QuPathGUI - Initializing: 1790605124331
10:18:45.026 [JavaFX Application Thread] [INFO ] q.l.g.i.s.ImageRegionStoreFactory - Setting tile cache size to 512.00 MB (25.0% max memory)
10:18:45.820 [JavaFX Application Thread] [INFO ] qupath.lib.gui.QuPathGUI - QuPath build: Version: 0.7.0
Build time: 2026-02-25 16:06
Latest commit tag: "04ccfa4"
10:18:49.816 [JavaFX Application Thread] [INFO ] qupath.lib.scripting.QP - Initializing type adapters
10:18:50.544 [JavaFX Application Thread] [INFO ] q.l.i.s.b.BioFormatsOptionsExtension - Bio-Formats version 8.4.0
10:18:50.556 [JavaFX Application Thread] [INFO ] q.l.i.s.b.BioFormatsOptionsExtension - If Bio-Formats is slow to load images, setting the Bio-Formats memoization time in QuPath's preferences may help (this will create temp files)
10:18:50.556 [JavaFX Application Thread] [INFO ] qupath.lib.gui.ExtensionLoader - Loaded extension Bio-Formats extension (Bio-Formats 8.4.0) version 0.7.0 (23 ms)
10:18:50.561 [JavaFX Application Thread] [INFO ] qupath.ext.djl.DjlExtension - Registering DjlDnnModel
10:18:50.572 [JavaFX Application Thread] [INFO ] qupath.lib.gui.ExtensionLoader - Loaded extension Deep Java Library extension version 0.4.2 (11 ms)
10:18:50.715 [JavaFX Application Thread] [INFO ] q.ext.openslide.OpenSlideExtension - OpenSlide loaded successfully: 4.0.0
10:18:50.718 [JavaFX Application Thread] [INFO ] qupath.lib.gui.ExtensionLoader - Loaded extension OpenSlide extension version 0.7.0 (141 ms)
10:18:50.783 [JavaFX Application Thread] [INFO ] qupath.lib.gui.ExtensionLoader - Loaded extension ImageJ extension version 0.7.0 (32 ms)
10:18:50.815 [JavaFX Application Thread] [INFO ] qupath.lib.gui.ExtensionLoader - Loaded extension Processing & classification extension version 0.7.0 (31 ms)
10:18:51.186 [JavaFX Application Thread] [INFO ] qupath.lib.gui.ExtensionLoader - Loaded extension Rich script editor extension version 0.7.0 (358 ms)
10:18:51.191 [JavaFX Application Thread] [INFO ] qupath.lib.gui.ExtensionLoader - Loaded extension SVG export extension version 0.7.0 (3 ms)
10:18:51.196 [JavaFX Application Thread] [INFO ] qupath.lib.gui.ExtensionLoader - Loaded extension QuPath training extension version 0.1.0 (3 ms)
10:18:51.281 [JavaFX Application Thread] [INFO ] qupath.lib.gui.QuPathApp - Starting QuPath with parameters: [--quiet=true]

(QuPath:1358649): Gdk-WARNING **: 10:18:51.355: XSetErrorHandler() called with a GDK error trap pushed. Don't do that.
10:18:51.494 [JavaFX Application Thread] [INFO ] qupath.lib.gui.QuPathGUI - Running startup script /mnt/wd4tb/scratch/spacr-completion/545-native-interop-preparation/qupath/interop.groovy
10:18:53.924 [JavaFX Application Thread] [INFO ] q.l.i.s.b.BioFormatsServerOptions - Setting max Bio-Formats readers to 2
10:18:54.897 [JavaFX Application Thread] [INFO ] qupath.lib.gui.viewer.QuPathViewer - Image data set to ImageData: Fluorescence, field.tif
10:18:55.046 [JavaFX Application Thread] [INFO ] q.l.g.c.InteractiveObjectImporter - Pasting 8 objects - IDs unchanged (no duplicates)
10:18:56.368 [JavaFX Application Thread] [INFO ] qupath.lib.io.PathIO - Writing object hierarchy with 8 object(s)...
10:18:56.385 [JavaFX Application Thread] [INFO ] qupath.lib.io.PathIO - Image data written in 0.08 seconds
